// Jest Snapshot v1, https://goo.gl/fbAQLP

exports[`/admin/products GET /admin/variants price selection strategy selects prices based on the passed currency code 1`] = `
Object {
  "count": 1,
  "limit": 20,
  "offset": 0,
  "variants": Array [
    Object {
      "allow_backorder": false,
      "barcode": "test-barcode",
      "calculated_price": 80,
      "calculated_price_incl_tax": null,
      "calculated_price_type": "sale",
      "calculated_tax": null,
      "created_at": Any<String>,
      "deleted_at": null,
      "ean": "test-ean",
      "height": null,
      "hs_code": null,
      "id": "test-variant",
      "inventory_quantity": 10,
      "length": null,
      "manage_inventory": true,
      "material": null,
      "metadata": null,
      "mid_code": null,
      "options": Array [
        Object {
          "created_at": Any<String>,
          "deleted_at": null,
          "id": "test-variant-option",
          "metadata": null,
          "option_id": "test-option",
          "updated_at": Any<String>,
          "value": "Default variant",
          "variant_id": "test-variant",
        },
      ],
      "origin_country": null,
      "original_price": 100,
      "original_price_incl_tax": null,
      "original_tax": null,
      "prices": Array [
        Object {
          "amount": 100,
          "created_at": Any<String>,
          "currency_code": "usd",
          "deleted_at": null,
          "id": "test-price",
          "max_quantity": null,
          "min_quantity": null,
          "price_list": null,
          "price_list_id": null,
          "region_id": null,
          "updated_at": Any<String>,
          "variant_id": "test-variant",
        },
        Object {
          "amount": 80,
          "created_at": Any<String>,
          "currency_code": "usd",
          "deleted_at": null,
          "id": "test-price-discount",
          "max_quantity": null,
          "min_quantity": null,
          "price_list": Object {
            "created_at": Any<String>,
            "deleted_at": null,
            "description": "Winter sale for VIP customers.",
            "ends_at": null,
            "id": "pl",
            "name": "VIP winter sale",
            "starts_at": null,
            "status": "active",
            "type": "sale",
            "updated_at": Any<String>,
          },
          "price_list_id": "pl",
          "region_id": null,
          "updated_at": Any<String>,
          "variant_id": "test-variant",
        },
      ],
      "product": Any<Object>,
      "product_id": "test-product",
      "sku": "test-sku",
      "tax_rates": null,
      "title": "Test variant",
      "upc": "test-upc",
      "updated_at": Any<String>,
      "weight": null,
      "width": null,
    },
  ],
}
`;
